--------------------------------------------------------------------------------
Release 14.7 Trace  (lin64)
Copyright (c) 1995-2013 Xilinx, Inc.  All rights reserved.

/opt/Xilinx/14.7/ISE_DS/ISE/bin/lin64/unwrapped/trce -intstyle ise -v 3 -s 3 -n
3 -fastpaths -xml Org_Lab3.twx Org_Lab3.ncd -o Org_Lab3.twr Org_Lab3.pcf -ucf
Lab3UCF.ucf

Design file:              Org_Lab3.ncd
Physical constraint file: Org_Lab3.pcf
Device,package,speed:     xc6slx16,csg324,C,-3 (PRODUCTION 1.23 2013-10-13)
Report level:             verbose report

Environment Variable      Effect 
--------------------      ------ 
NONE                      No environment variables were set
--------------------------------------------------------------------------------

INFO:Timing:2698 - No timing constraints found, doing default enumeration.
INFO:Timing:3412 - To improve timing, see the Timing Closure User Guide (UG612).
INFO:Timing:2752 - To get complete path coverage, use the unconstrained paths 
   option. All paths that are not constrained will be reported in the 
   unconstrained paths section(s) of the report.
INFO:Timing:3339 - The clock-to-out numbers in this timing report are based on 
   a 50 Ohm transmission line loading model.  For the details of this model, 
   and for more information on accounting for different loading conditions, 
   please see the device datasheet.



Data Sheet report:
-----------------
All values displayed in nanoseconds (ns)

Setup/Hold to clock clk_50mhz
------------+------------+------------+------------+------------+------------------+--------+
            |Max Setup to|  Process   |Max Hold to |  Process   |                  | Clock  |
Source      | clk (edge) |   Corner   | clk (edge) |   Corner   |Internal Clock(s) | Phase  |
------------+------------+------------+------------+------------+------------------+--------+
BTN<0>      |    4.828(R)|      SLOW  |   -0.476(R)|      SLOW  |clk_50mhz_BUFGP   |   0.000|
BTN<1>      |    5.534(R)|      SLOW  |   -0.955(R)|      FAST  |clk_50mhz_BUFGP   |   0.000|
BTN<2>      |    3.787(R)|      SLOW  |   -0.074(R)|      SLOW  |clk_50mhz_BUFGP   |   0.000|
BTN<3>      |    3.571(R)|      SLOW  |   -0.367(R)|      SLOW  |clk_50mhz_BUFGP   |   0.000|
SW<0>       |    7.020(R)|      SLOW  |   -1.801(R)|      FAST  |clk_50mhz_BUFGP   |   0.000|
SW<1>       |    6.675(R)|      SLOW  |   -1.433(R)|      FAST  |clk_50mhz_BUFGP   |   0.000|
SW<2>       |    5.954(R)|      SLOW  |   -1.137(R)|      FAST  |clk_50mhz_BUFGP   |   0.000|
SW<3>       |    6.766(R)|      SLOW  |   -1.456(R)|      FAST  |clk_50mhz_BUFGP   |   0.000|
SW<4>       |    7.024(R)|      SLOW  |   -1.172(R)|      FAST  |clk_50mhz_BUFGP   |   0.000|
SW<5>       |    6.853(R)|      SLOW  |   -1.238(R)|      FAST  |clk_50mhz_BUFGP   |   0.000|
SW<6>       |    5.990(R)|      SLOW  |   -1.011(R)|      FAST  |clk_50mhz_BUFGP   |   0.000|
SW<7>       |    7.188(R)|      SLOW  |   -1.623(R)|      FAST  |clk_50mhz_BUFGP   |   0.000|
------------+------------+------------+------------+------------+------------------+--------+

Clock clk_50mhz to Pad
------------+-----------------+------------+-----------------+------------+------------------+--------+
            |Max (slowest) clk|  Process   |Min (fastest) clk|  Process   |                  | Clock  |
Destination |  (edge) to PAD  |   Corner   |  (edge) to PAD  |   Corner   |Internal Clock(s) | Phase  |
------------+-----------------+------------+-----------------+------------+------------------+--------+
AN<0>       |        10.030(R)|      SLOW  |         5.510(R)|      FAST  |clk_50mhz_BUFGP   |   0.000|
AN<1>       |         9.922(R)|      SLOW  |         5.380(R)|      FAST  |clk_50mhz_BUFGP   |   0.000|
AN<2>       |         9.783(R)|      SLOW  |         5.383(R)|      FAST  |clk_50mhz_BUFGP   |   0.000|
AN<3>       |        10.400(R)|      SLOW  |         5.890(R)|      FAST  |clk_50mhz_BUFGP   |   0.000|
SEGMENT<0>  |        14.352(R)|      SLOW  |         6.761(R)|      FAST  |clk_50mhz_BUFGP   |   0.000|
SEGMENT<1>  |        13.711(R)|      SLOW  |         6.780(R)|      FAST  |clk_50mhz_BUFGP   |   0.000|
SEGMENT<2>  |        13.678(R)|      SLOW  |         6.614(R)|      FAST  |clk_50mhz_BUFGP   |   0.000|
SEGMENT<3>  |        14.557(R)|      SLOW  |         6.778(R)|      FAST  |clk_50mhz_BUFGP   |   0.000|
SEGMENT<4>  |        14.375(R)|      SLOW  |         6.886(R)|      FAST  |clk_50mhz_BUFGP   |   0.000|
SEGMENT<5>  |        14.178(R)|      SLOW  |         6.884(R)|      FAST  |clk_50mhz_BUFGP   |   0.000|
SEGMENT<6>  |        14.367(R)|      SLOW  |         7.013(R)|      FAST  |clk_50mhz_BUFGP   |   0.000|
SEGMENT<7>  |        13.213(R)|      SLOW  |         5.741(R)|      FAST  |clk_50mhz_BUFGP   |   0.000|
------------+-----------------+------------+-----------------+------------+------------------+--------+

Clock to Setup on destination clock clk_50mhz
---------------+---------+---------+---------+---------+
               | Src:Rise| Src:Fall| Src:Rise| Src:Fall|
Source Clock   |Dest:Rise|Dest:Rise|Dest:Fall|Dest:Fall|
---------------+---------+---------+---------+---------+
clk_50mhz      |    5.533|         |         |         |
---------------+---------+---------+---------+---------+


Analysis completed Sat Jun 13 17:31:54 2015 
--------------------------------------------------------------------------------

Trace Settings:
-------------------------
Trace Settings 

Peak Memory Usage: 434 MB



