--------------------------------------------------------------------------------
Release 14.7 Trace  (lin64)
Copyright (c) 1995-2013 Xilinx, Inc.  All rights reserved.

/opt/Xilinx/14.7/ISE_DS/ISE/bin/lin64/unwrapped/trce -intstyle ise -v 3 -s 3 -n
3 -fastpaths -xml Org_Lab3.twx Org_Lab3.ncd -o Org_Lab3.twr Org_Lab3.pcf -ucf
Lab3UCF.ucf

Design file:              Org_Lab3.ncd
Physical constraint file: Org_Lab3.pcf
Device,package,speed:     xc6slx16,csg324,C,-3 (PRODUCTION 1.23 2013-10-13)
Report level:             verbose report

Environment Variable      Effect 
--------------------      ------ 
NONE                      No environment variables were set
--------------------------------------------------------------------------------

INFO:Timing:2698 - No timing constraints found, doing default enumeration.
INFO:Timing:3412 - To improve timing, see the Timing Closure User Guide (UG612).
INFO:Timing:2752 - To get complete path coverage, use the unconstrained paths 
   option. All paths that are not constrained will be reported in the 
   unconstrained paths section(s) of the report.
INFO:Timing:3339 - The clock-to-out numbers in this timing report are based on 
   a 50 Ohm transmission line loading model.  For the details of this model, 
   and for more information on accounting for different loading conditions, 
   please see the device datasheet.



Data Sheet report:
-----------------
All values displayed in nanoseconds (ns)

Setup/Hold to clock clk_50mhz
------------+------------+------------+------------+------------+------------------+--------+
            |Max Setup to|  Process   |Max Hold to |  Process   |                  | Clock  |
Source      | clk (edge) |   Corner   | clk (edge) |   Corner   |Internal Clock(s) | Phase  |
------------+------------+------------+------------+------------+------------------+--------+
BTN<0>      |    6.645(R)|      SLOW  |   -0.636(R)|      SLOW  |clk_50mhz_BUFGP   |   0.000|
BTN<1>      |    8.880(R)|      SLOW  |   -1.393(R)|      FAST  |clk_50mhz_BUFGP   |   0.000|
BTN<2>      |    5.566(R)|      SLOW  |   -1.022(R)|      FAST  |clk_50mhz_BUFGP   |   0.000|
BTN<3>      |    5.847(R)|      SLOW  |   -1.009(R)|      FAST  |clk_50mhz_BUFGP   |   0.000|
SW<0>       |    7.058(R)|      SLOW  |   -1.003(R)|      FAST  |clk_50mhz_BUFGP   |   0.000|
SW<1>       |    7.604(R)|      SLOW  |   -0.846(R)|      SLOW  |clk_50mhz_BUFGP   |   0.000|
SW<2>       |    6.761(R)|      SLOW  |   -0.616(R)|      SLOW  |clk_50mhz_BUFGP   |   0.000|
SW<3>       |    7.399(R)|      SLOW  |   -0.693(R)|      SLOW  |clk_50mhz_BUFGP   |   0.000|
SW<4>       |    6.929(R)|      SLOW  |   -0.676(R)|      SLOW  |clk_50mhz_BUFGP   |   0.000|
SW<5>       |    6.979(R)|      SLOW  |   -0.702(R)|      SLOW  |clk_50mhz_BUFGP   |   0.000|
SW<6>       |    6.861(R)|      SLOW  |   -1.153(R)|      FAST  |clk_50mhz_BUFGP   |   0.000|
SW<7>       |    7.556(R)|      SLOW  |   -1.150(R)|      FAST  |clk_50mhz_BUFGP   |   0.000|
------------+------------+------------+------------+------------+------------------+--------+

Clock clk_50mhz to Pad
------------+-----------------+------------+-----------------+------------+------------------+--------+
            |Max (slowest) clk|  Process   |Min (fastest) clk|  Process   |                  | Clock  |
Destination |  (edge) to PAD  |   Corner   |  (edge) to PAD  |   Corner   |Internal Clock(s) | Phase  |
------------+-----------------+------------+-----------------+------------+------------------+--------+
AN<0>       |         9.962(R)|      SLOW  |         5.222(R)|      FAST  |clk_50mhz_BUFGP   |   0.000|
AN<1>       |        10.139(R)|      SLOW  |         5.338(R)|      FAST  |clk_50mhz_BUFGP   |   0.000|
AN<2>       |         9.521(R)|      SLOW  |         5.144(R)|      FAST  |clk_50mhz_BUFGP   |   0.000|
AN<3>       |         9.604(R)|      SLOW  |         5.074(R)|      FAST  |clk_50mhz_BUFGP   |   0.000|
SEGMENT<0>  |        13.112(R)|      SLOW  |         5.537(R)|      FAST  |clk_50mhz_BUFGP   |   0.000|
SEGMENT<1>  |        13.095(R)|      SLOW  |         5.652(R)|      FAST  |clk_50mhz_BUFGP   |   0.000|
SEGMENT<2>  |        12.918(R)|      SLOW  |         6.086(R)|      FAST  |clk_50mhz_BUFGP   |   0.000|
SEGMENT<3>  |        13.590(R)|      SLOW  |         5.645(R)|      FAST  |clk_50mhz_BUFGP   |   0.000|
SEGMENT<4>  |        13.214(R)|      SLOW  |         5.595(R)|      FAST  |clk_50mhz_BUFGP   |   0.000|
SEGMENT<5>  |        13.120(R)|      SLOW  |         5.414(R)|      FAST  |clk_50mhz_BUFGP   |   0.000|
SEGMENT<6>  |        13.208(R)|      SLOW  |         5.580(R)|      FAST  |clk_50mhz_BUFGP   |   0.000|
SEGMENT<7>  |        11.739(R)|      SLOW  |         5.616(R)|      FAST  |clk_50mhz_BUFGP   |   0.000|
------------+-----------------+------------+-----------------+------------+------------------+--------+

Clock to Setup on destination clock clk_50mhz
---------------+---------+---------+---------+---------+
               | Src:Rise| Src:Fall| Src:Rise| Src:Fall|
Source Clock   |Dest:Rise|Dest:Rise|Dest:Fall|Dest:Fall|
---------------+---------+---------+---------+---------+
clk_50mhz      |    7.609|         |         |   20.504|
---------------+---------+---------+---------+---------+


Analysis completed Mon May 25 13:32:08 2015 
--------------------------------------------------------------------------------

Trace Settings:
-------------------------
Trace Settings 

Peak Memory Usage: 436 MB



